---
source: crates/supersigil-record/tests/model_roundtrip.rs
expression: sample()
---
- kind: session_start
  session: 11111111-1111-4111-8111-111111111111
  source: claude_code
  source_ids:
    transcript: slice.jsonl
  checkout: /work/repo
  branch: main
  time: "2026-09-28T10:00:00.000Z"
- kind: turn
  id: u1
  session: 11111111-1111-4111-8111-111111111111
  parent: ~
  role: human
  time: "2026-09-28T10:00:00.000Z"
  sidechain: false
  agent_id: ~
  excerpt:
    state: retained
    value: Add a greeting function and clean up.
  source_ordinal: 0
- kind: edit
  id: "edit:b4124b005ef57e7a"
  turn: a1
  session: 11111111-1111-4111-8111-111111111111
  path: src/lib.rs
  before:
    state: present
    content:
      kind: known
      id: "sha256:01d09d19c2139a46aebfb577780d123d7396e97201bc7ead210a2ebff8239dee"
  after:
    state: present
    content:
      kind: unknown
  patch:
    state: retained
    value:
      - old_start: 1
        old_lines: 1
        new_start: 1
        new_lines: 1
        lines:
          - "-old"
          - +new
  old_text:
    state: retained
    value: "old\n"
  new_text:
    state: withheld
    value:
      policy: capture.edit_text
  replace_all: false
  checkout: /work/repo
  time: "2026-09-28T10:00:06.000Z"
  source_ordinal: 2
  agent_id: ~
- kind: command
  id: "command:58dfb8b05ef65a98"
  turn: a7
  session: 11111111-1111-4111-8111-111111111111
  cmd: cargo nextest run
  exit: ~
  stdout_tail:
    state: retained
    value: "3 tests run: 3 passed"
  stderr_tail:
    state: unavailable
    value:
      reason: not captured
  category: test_run
  reported_error: false
  outcome: passed
  started: "2026-09-28T10:01:00.000Z"
  ended: "2026-09-28T10:01:02.000Z"
  checkout: /work/repo
  source_ordinal: 14
  agent_id: ~
- kind: capture_limitation
  session: 11111111-1111-4111-8111-111111111111
  transcript: slice.jsonl
  from_ordinal: 0
  to_ordinal: 19
  unknown_records:
    ai-title: 1
  malformed_lines: 0
  abandoned_tool_uses: 0
  failed_tool_uses: 0
  outside_checkout: 0
  conflicting_tool_results: 0
  unmatched_tool_results: 0
- kind: session_end
  session: 11111111-1111-4111-8111-111111111111
  time: "2026-09-28T10:02:00.000Z"
  reason: unknown
