---
source: crates/supersigil-import/tests/snapshots.rs
expression: content
---
---
supersigil:
  id: na-metadata/tasks
  type: tasks
  status: draft
title: "NA Metadata"
---

```supersigil-xml
<Task id="task-1" status="done">
  Set up project scaffolding

  - Create directory structure

  <Task id="task-1-1" status="done">
    Initialize repository

    - Run git init
  </Task>
</Task>
```

```supersigil-xml
<Task id="task-2" status="ready" depends="task-1" implements="na-metadata/req#req-1-1, na-metadata/req#req-1-2">
  Implement core logic

  - Write the main algorithm
</Task>
```
